<html>
<body>
<pre>
<h1>µVision Build Log</h1>
<h2>Tool Versions:</h2>
IDE-Version: µVision V5.29.0.0
Copyright (C) 2019 ARM Ltd and ARM Germany GmbH. All rights reserved.
License Information: Nada Abdelazim, N/A, LIC=----
 
Tool Versions:
Toolchain:       MDK-Lite  Version: 5.29.0.0
Toolchain Path:  C:\Keil_v5\ARM\ARMCC\Bin
C Compiler:      Armcc.exe V5.06 update 6 (build 750)
Assembler:       Armasm.exe V5.06 update 6 (build 750)
Linker/Locator:  ArmLink.exe V5.06 update 6 (build 750)
Library Manager: ArmAr.exe V5.06 update 6 (build 750)
Hex Converter:   FromElf.exe V5.06 update 6 (build 750)
CPU DLL:         SARMCM3.DLL V5.29.0.0
Dialog DLL:      DCM.DLL V1.17.3.0
Target DLL:      UL2CM3.DLL V1.163.0.0
Dialog DLL:      TCM.DLL V1.36.5.0
 
<h2>Project:</h2>
E:\ARM sprint\RGB LED Control V1.0\RGB LED Control V1.0.uvprojx
Project File Date:  06/18/2023

<h2>Output:</h2>
*** Using Compiler 'V5.06 update 6 (build 750)', folder: 'C:\Keil_v5\ARM\ARMCC\Bin'
Build target 'Target 1'
compiling led.c...
.\UTILI\common.h(56): warning:  #1-D: last line of file ends without a newline
  #endif /* COMMON_H_ */
.\HAL\HAL_inc\led_config.h(40): warning:  #1-D: last line of file ends without a newline
  #endif /* LED_CONFIG_H_ */
.\HAL\HAL_inc\led.h(44): warning:  #1-D: last line of file ends without a newline
  #endif /* LED_H_ */
HAL\led.c: 3 warnings, 0 errors
compiling main.c...
.\APP\APP_inc\app.h(19): warning:  #1-D: last line of file ends without a newline
  #endif /* APPLICATION_H_ */
.\UTILI\common.h(56): warning:  #1-D: last line of file ends without a newline
  #endif /* COMMON_H_ */
.\HAL\HAL_inc\led_config.h(40): warning:  #1-D: last line of file ends without a newline
  #endif /* LED_CONFIG_H_ */
.\HAL\HAL_inc\led.h(44): warning:  #1-D: last line of file ends without a newline
  #endif /* LED_H_ */
.\HAL\HAL_inc\button_config.h(37): warning:  #1-D: last line of file ends without a newline
  #endif /* BUTTON_CONFIG_H_ */
.\HAL\HAL_inc\button.h(40): warning:  #1-D: last line of file ends without a newline
  #endif /* BUTTON_H_ */
main.c: 6 warnings, 0 errors
compiling app.c...
.\APP\APP_inc\app.h(19): warning:  #1-D: last line of file ends without a newline
  #endif /* APPLICATION_H_ */
.\UTILI\common.h(56): warning:  #1-D: last line of file ends without a newline
  #endif /* COMMON_H_ */
.\HAL\HAL_inc\led_config.h(40): warning:  #1-D: last line of file ends without a newline
  #endif /* LED_CONFIG_H_ */
.\HAL\HAL_inc\led.h(44): warning:  #1-D: last line of file ends without a newline
  #endif /* LED_H_ */
.\HAL\HAL_inc\button_config.h(37): warning:  #1-D: last line of file ends without a newline
  #endif /* BUTTON_CONFIG_H_ */
.\HAL\HAL_inc\button.h(40): warning:  #1-D: last line of file ends without a newline
  #endif /* BUTTON_H_ */
APP\app.c: 6 warnings, 0 errors
linking...
Program Size: Code=3572 RO-data=652 RW-data=32 ZI-data=608  
".\Objects\RGB LED Control V1.0" - 0 Error(s), 15 Warning(s).

<h2>Software Packages used:</h2>

Package Vendor: ARM
                http://www.keil.com/pack/ARM.CMSIS.5.6.0.pack
                ARM.CMSIS.5.6.0
                CMSIS (Cortex Microcontroller Software Interface Standard)
   * Component: CORE Version: 5.3.0

Package Vendor: Keil
                http://www.keil.com/pack/Keil.TM4C_DFP.1.1.0.pack
                Keil.TM4C_DFP.1.1.0
                Texas Instruments Tiva C Series Device Support and Examples
   * Component: Startup Version: 1.0.1

<h2>Collection of Component include folders:</h2>
  .\RTE\_Target_1
  C:\Users\acer\AppData\Local\Arm\Packs\ARM\CMSIS\5.6.0\CMSIS\Core\Include
  C:\Users\acer\AppData\Local\Arm\Packs\Keil\TM4C_DFP\1.1.0\Device\Include\TM4C123

<h2>Collection of Component Files used:</h2>

   * Component: ARM::CMSIS:CORE:5.3.0

   * Component: Keil::Device:Startup:1.0.1
      Source file:   Device\Source\system_TM4C123.c
      Include file:  Device\Include\TM4C123\TM4C123.h
      Source file:   Device\Source\ARM\startup_TM4C123.s
Build Time Elapsed:  00:00:01
</pre>
</body>
</html>
